1 + 22x + 174x^2 + 633x^3 + 1115x^4 + 906x^5 + 284x^6 + 20x^7
