1 + 33x + 440x^2 + 3090x^3 + 12518x^4 + 30166x^5 + 43061x^6 + 35158x^7 + 15273x^8 + 3107x^9 + 236x^10 + 4x^11
