1 + 64x + 1651x^2 + 22330x^3 + 172661x^4 + 781581x^5 + 2040561x^6 + 2914879x^7 + 2045742x^8 + 566707x^9 + 35320x^10
