1 + 52x + 1087x^2 + 11877x^3 + 73900x^4 + 267756x^5 + 555446x^6 + 624154x^7 + 339980x^8 + 71792x^9 + 3328x^10
