1 + 31x + 350x^2 + 1809x^3 + 4434x^4 + 4837x^5 + 1941x^6 + 167x^7
