1 + 42x + 670x^2 + 5218x^3 + 21281x^4 + 45456x^5 + 48323x^6 + 22822x^7 + 3800x^8 + 124x^9
