1 + 17x + 100x^2 + 246x^3 + 245x^4 + 78x^5 + 4x^6
