1 + 24x + 214x^2 + 905x^3 + 1939x^4 + 2100x^5 + 1086x^6 + 227x^7 + 12x^8
