1 + 42x + 672x^2 + 5242x^3 + 21202x^4 + 43706x^5 + 42022x^6 + 15302x^7 + 1210x^8
